// Jest Snapshot v1, https://goo.gl/fbAQLP

exports[`<PasswordDataForm /> should render without throwing an error 1`] = `
Object {
  "asFragment": [Function],
  "baseElement": <body>
    <div>
      <form
        action="#"
      >
        <div
          class="MuiBox-root MuiBox-root-1"
        >
          <div
            class="MuiFormControl-root MuiFormControl-marginNormal MuiFormControl-fullWidth"
          >
            <div
              class="MuiFormControl-root MuiTextField-root MuiFormControl-fullWidth"
              data-testid="password-input"
            >
              <label
                class="MuiFormLabel-root MuiInputLabel-root MuiInputLabel-formControl MuiInputLabel-animated MuiInputLabel-filled"
                data-shrink="false"
                for="newPassword"
                id="newPassword-label"
              >
                Nueva contraseña
              </label>
              <div
                class="MuiInputBase-root MuiFilledInput-root MuiFilledInput-underline MuiInputBase-fullWidth MuiInputBase-formControl"
              >
                <input
                  aria-invalid="false"
                  class="MuiInputBase-input MuiFilledInput-input"
                  id="newPassword"
                  name="newPassword"
                  type="password"
                  value=""
                />
              </div>
            </div>
          </div>
          <div
            class="MuiPaper-root MuiPaper-elevation0"
            style="padding: 15px 0px;"
          >
            <div
              style="display: flex;"
            >
              <svg
                aria-hidden="true"
                class="MuiSvgIcon-root"
                focusable="false"
                style="margin-right: 10px;"
                viewBox="0 0 24 24"
              >
                <path
                  d="M19 6.41L17.59 5 12 10.59 6.41 5 5 6.41 10.59 12 5 17.59 6.41 19 12 13.41 17.59 19 19 17.59 13.41 12z"
                />
              </svg>
              <p
                class="MuiTypography-root MuiTypography-body1"
              >
                Usar mayúsculas
              </p>
            </div>
            <div
              style="display: flex;"
            >
              <svg
                aria-hidden="true"
                class="MuiSvgIcon-root"
                focusable="false"
                style="margin-right: 10px;"
                viewBox="0 0 24 24"
              >
                <path
                  d="M19 6.41L17.59 5 12 10.59 6.41 5 5 6.41 10.59 12 5 17.59 6.41 19 12 13.41 17.59 19 19 17.59 13.41 12z"
                />
              </svg>
              <p
                class="MuiTypography-root MuiTypography-body1"
              >
                Usar minúsculas
              </p>
            </div>
            <div
              style="display: flex;"
            >
              <svg
                aria-hidden="true"
                class="MuiSvgIcon-root"
                focusable="false"
                style="margin-right: 10px;"
                viewBox="0 0 24 24"
              >
                <path
                  d="M19 6.41L17.59 5 12 10.59 6.41 5 5 6.41 10.59 12 5 17.59 6.41 19 12 13.41 17.59 19 19 17.59 13.41 12z"
                />
              </svg>
              <p
                class="MuiTypography-root MuiTypography-body1"
              >
                Usar números
              </p>
            </div>
            <div
              style="display: flex;"
            >
              <svg
                aria-hidden="true"
                class="MuiSvgIcon-root"
                focusable="false"
                style="margin-right: 10px;"
                viewBox="0 0 24 24"
              >
                <path
                  d="M19 6.41L17.59 5 12 10.59 6.41 5 5 6.41 10.59 12 5 17.59 6.41 19 12 13.41 17.59 19 19 17.59 13.41 12z"
                />
              </svg>
              <p
                class="MuiTypography-root MuiTypography-body1"
              >
                Mínimo 8 caracteres
              </p>
            </div>
          </div>
          <div
            class="MuiFormControl-root MuiFormControl-marginNormal MuiFormControl-fullWidth"
          >
            <div
              class="MuiFormControl-root MuiTextField-root MuiFormControl-fullWidth"
              data-testid="password-confirm-input"
            >
              <label
                class="MuiFormLabel-root MuiInputLabel-root MuiInputLabel-formControl MuiInputLabel-animated MuiInputLabel-filled"
                data-shrink="false"
                for="newPasswordConfirm"
                id="newPasswordConfirm-label"
              >
                Confirmar contraseña
              </label>
              <div
                class="MuiInputBase-root MuiFilledInput-root MuiFilledInput-underline MuiInputBase-fullWidth MuiInputBase-formControl"
              >
                <input
                  aria-invalid="false"
                  class="MuiInputBase-input MuiFilledInput-input"
                  id="newPasswordConfirm"
                  name="newPasswordConfirm"
                  type="password"
                  value=""
                />
              </div>
            </div>
          </div>
        </div>
        <button
          class="MuiButtonBase-root MuiButton-root MuiButton-text"
          tabindex="0"
          type="submit"
        >
          <span
            class="MuiButton-label"
          >
            Enviar
          </span>
          <span
            class="MuiTouchRipple-root"
          />
        </button>
      </form>
    </div>
  </body>,
  "container": <div>
    <form
      action="#"
    >
      <div
        class="MuiBox-root MuiBox-root-1"
      >
        <div
          class="MuiFormControl-root MuiFormControl-marginNormal MuiFormControl-fullWidth"
        >
          <div
            class="MuiFormControl-root MuiTextField-root MuiFormControl-fullWidth"
            data-testid="password-input"
          >
            <label
              class="MuiFormLabel-root MuiInputLabel-root MuiInputLabel-formControl MuiInputLabel-animated MuiInputLabel-filled"
              data-shrink="false"
              for="newPassword"
              id="newPassword-label"
            >
              Nueva contraseña
            </label>
            <div
              class="MuiInputBase-root MuiFilledInput-root MuiFilledInput-underline MuiInputBase-fullWidth MuiInputBase-formControl"
            >
              <input
                aria-invalid="false"
                class="MuiInputBase-input MuiFilledInput-input"
                id="newPassword"
                name="newPassword"
                type="password"
                value=""
              />
            </div>
          </div>
        </div>
        <div
          class="MuiPaper-root MuiPaper-elevation0"
          style="padding: 15px 0px;"
        >
          <div
            style="display: flex;"
          >
            <svg
              aria-hidden="true"
              class="MuiSvgIcon-root"
              focusable="false"
              style="margin-right: 10px;"
              viewBox="0 0 24 24"
            >
              <path
                d="M19 6.41L17.59 5 12 10.59 6.41 5 5 6.41 10.59 12 5 17.59 6.41 19 12 13.41 17.59 19 19 17.59 13.41 12z"
              />
            </svg>
            <p
              class="MuiTypography-root MuiTypography-body1"
            >
              Usar mayúsculas
            </p>
          </div>
          <div
            style="display: flex;"
          >
            <svg
              aria-hidden="true"
              class="MuiSvgIcon-root"
              focusable="false"
              style="margin-right: 10px;"
              viewBox="0 0 24 24"
            >
              <path
                d="M19 6.41L17.59 5 12 10.59 6.41 5 5 6.41 10.59 12 5 17.59 6.41 19 12 13.41 17.59 19 19 17.59 13.41 12z"
              />
            </svg>
            <p
              class="MuiTypography-root MuiTypography-body1"
            >
              Usar minúsculas
            </p>
          </div>
          <div
            style="display: flex;"
          >
            <svg
              aria-hidden="true"
              class="MuiSvgIcon-root"
              focusable="false"
              style="margin-right: 10px;"
              viewBox="0 0 24 24"
            >
              <path
                d="M19 6.41L17.59 5 12 10.59 6.41 5 5 6.41 10.59 12 5 17.59 6.41 19 12 13.41 17.59 19 19 17.59 13.41 12z"
              />
            </svg>
            <p
              class="MuiTypography-root MuiTypography-body1"
            >
              Usar números
            </p>
          </div>
          <div
            style="display: flex;"
          >
            <svg
              aria-hidden="true"
              class="MuiSvgIcon-root"
              focusable="false"
              style="margin-right: 10px;"
              viewBox="0 0 24 24"
            >
              <path
                d="M19 6.41L17.59 5 12 10.59 6.41 5 5 6.41 10.59 12 5 17.59 6.41 19 12 13.41 17.59 19 19 17.59 13.41 12z"
              />
            </svg>
            <p
              class="MuiTypography-root MuiTypography-body1"
            >
              Mínimo 8 caracteres
            </p>
          </div>
        </div>
        <div
          class="MuiFormControl-root MuiFormControl-marginNormal MuiFormControl-fullWidth"
        >
          <div
            class="MuiFormControl-root MuiTextField-root MuiFormControl-fullWidth"
            data-testid="password-confirm-input"
          >
            <label
              class="MuiFormLabel-root MuiInputLabel-root MuiInputLabel-formControl MuiInputLabel-animated MuiInputLabel-filled"
              data-shrink="false"
              for="newPasswordConfirm"
              id="newPasswordConfirm-label"
            >
              Confirmar contraseña
            </label>
            <div
              class="MuiInputBase-root MuiFilledInput-root MuiFilledInput-underline MuiInputBase-fullWidth MuiInputBase-formControl"
            >
              <input
                aria-invalid="false"
                class="MuiInputBase-input MuiFilledInput-input"
                id="newPasswordConfirm"
                name="newPasswordConfirm"
                type="password"
                value=""
              />
            </div>
          </div>
        </div>
      </div>
      <button
        class="MuiButtonBase-root MuiButton-root MuiButton-text"
        tabindex="0"
        type="submit"
      >
        <span
          class="MuiButton-label"
        >
          Enviar
        </span>
        <span
          class="MuiTouchRipple-root"
        />
      </button>
    </form>
  </div>,
  "debug": [Function],
  "findAllByAltText": [Function],
  "findAllByDisplayValue": [Function],
  "findAllByLabelText": [Function],
  "findAllByPlaceholderText": [Function],
  "findAllByRole": [Function],
  "findAllByTestId": [Function],
  "findAllByText": [Function],
  "findAllByTitle": [Function],
  "findByAltText": [Function],
  "findByDisplayValue": [Function],
  "findByLabelText": [Function],
  "findByPlaceholderText": [Function],
  "findByRole": [Function],
  "findByTestId": [Function],
  "findByText": [Function],
  "findByTitle": [Function],
  "getAllByAltText": [Function],
  "getAllByDisplayValue": [Function],
  "getAllByLabelText": [Function],
  "getAllByPlaceholderText": [Function],
  "getAllByRole": [Function],
  "getAllByTestId": [Function],
  "getAllByText": [Function],
  "getAllByTitle": [Function],
  "getByAltText": [Function],
  "getByDisplayValue": [Function],
  "getByLabelText": [Function],
  "getByPlaceholderText": [Function],
  "getByRole": [Function],
  "getByTestId": [Function],
  "getByText": [Function],
  "getByTitle": [Function],
  "queryAllByAltText": [Function],
  "queryAllByDisplayValue": [Function],
  "queryAllByLabelText": [Function],
  "queryAllByPlaceholderText": [Function],
  "queryAllByRole": [Function],
  "queryAllByTestId": [Function],
  "queryAllByText": [Function],
  "queryAllByTitle": [Function],
  "queryByAltText": [Function],
  "queryByDisplayValue": [Function],
  "queryByLabelText": [Function],
  "queryByPlaceholderText": [Function],
  "queryByRole": [Function],
  "queryByTestId": [Function],
  "queryByText": [Function],
  "queryByTitle": [Function],
  "rerender": [Function],
  "unmount": [Function],
}
`;
